should match snapshot of default values:
  1: |
    apiVersion: v1
    data:
      DB_SQLITE_VACUUM_ON_STARTUP: "false"
      DB_TYPE: sqlite
    kind: ConfigMap
    metadata:
      labels:
        app: n8n
        chart: n8n-1.0.0
        heritage: Helm
        release: n8n
      name: n8n-database-configmap
  2: |
    apiVersion: v1
    data:
      N8N_LOG_LEVEL: info
      N8N_LOG_OUTPUT: console
    kind: ConfigMap
    metadata:
      labels:
        app: n8n
        chart: n8n-1.0.0
        heritage: Helm
        release: n8n
      name: n8n-logging-configmap
  3: |
    apiVersion: v1
    data:
      N8N_DIAGNOSTICS_CONFIG_BACKEND: ""
      N8N_DIAGNOSTICS_CONFIG_FRONTEND: ""
      N8N_DIAGNOSTICS_ENABLED: "false"
      N8N_DIAGNOSTICS_POSTHOG_API_HOST: ""
      N8N_DIAGNOSTICS_POSTHOG_API_KEY: ""
      N8N_FRONTEND_SENTRY_DSN: ""
      N8N_SENTRY_DSN: ""
    kind: ConfigMap
    metadata:
      labels:
        app: n8n
        chart: n8n-1.0.0
        heritage: Helm
        release: n8n
      name: n8n-diagnostics-configmap
  4: |
    apiVersion: v1
    data:
      N8N_VERSION_NOTIFICATIONS_ENABLED: "false"
    kind: ConfigMap
    metadata:
      labels:
        app: n8n
        chart: n8n-1.0.0
        heritage: Helm
        release: n8n
      name: n8n-version-notifications-configmap
  5: |
    apiVersion: v1
    data:
      N8N_PUBLIC_API_DISABLED: "false"
      N8N_PUBLIC_API_ENDPOINT: api
      N8N_PUBLIC_API_SWAGGERUI_DISABLED: "false"
    kind: ConfigMap
    metadata:
      labels:
        app: n8n
        chart: n8n-1.0.0
        heritage: Helm
        release: n8n
      name: n8n-public-api-configmap
  6: |
    apiVersion: v1
    data:
      N8N_WORKFLOW_HISTORY_ENABLED: "true"
      N8N_WORKFLOW_HISTORY_PRUNE_TIME: "336"
    kind: ConfigMap
    metadata:
      labels:
        app: n8n
        chart: n8n-1.0.0
        heritage: Helm
        release: n8n
      name: n8n-workflow-history-configmap
  7: |
    apiVersion: v1
    data:
      N8N_RUNNERS_ENABLED: "true"
      N8N_RUNNERS_HEARTBEAT_INTERVAL: "30"
      N8N_RUNNERS_MAX_CONCURRENCY: "5"
      N8N_RUNNERS_MODE: internal
      N8N_RUNNERS_TASK_TIMEOUT: "60"
    kind: ConfigMap
    metadata:
      labels:
        app: n8n
        chart: n8n-1.0.0
        heritage: Helm
        release: n8n
      name: n8n-task-broker-configmap
  8: |
    apiVersion: v1
    data:
      N8N_METRICS: "false"
      N8N_METRICS_INCLUDE_API_ENDPOINTS: "false"
      N8N_METRICS_INCLUDE_API_METHOD_LABEL: "false"
      N8N_METRICS_INCLUDE_API_PATH_LABEL: "false"
      N8N_METRICS_INCLUDE_API_STATUS_CODE_LABEL: "false"
      N8N_METRICS_INCLUDE_CACHE_METRICS: "false"
      N8N_METRICS_INCLUDE_CREDENTIAL_TYPE_LABEL: "false"
      N8N_METRICS_INCLUDE_DEFAULT_METRICS: "true"
      N8N_METRICS_INCLUDE_MESSAGE_EVENT_BUS_METRICS: "false"
      N8N_METRICS_INCLUDE_NODE_TYPE_LABEL: "false"
      N8N_METRICS_INCLUDE_QUEUE_METRICS: "false"
      N8N_METRICS_INCLUDE_WORKFLOW_ID_LABEL: "false"
      N8N_METRICS_PREFIX: n8n_
    kind: ConfigMap
    metadata:
      labels:
        app: n8n
        chart: n8n-1.0.0
        heritage: Helm
        release: n8n
      name: n8n-metrics-configmap
  9: |
    apiVersion: v1
    data:
      N8N_DEFAULT_BINARY_DATA_MODE: default
    kind: ConfigMap
    metadata:
      labels:
        app: n8n
        chart: n8n-1.0.0
        heritage: Helm
        release: n8n
      name: n8n-binary-data-configmap
should match snapshot of external redis values:
  1: |
    apiVersion: v1
    data:
      DB_POSTGRESDB_CONNECTION_TIMEOUT: "20000"
      DB_POSTGRESDB_DATABASE: n8n
      DB_POSTGRESDB_HOST: ""
      DB_POSTGRESDB_IDLE_CONNECTION_TIMEOUT: "30000"
      DB_POSTGRESDB_POOL_SIZE: "2"
      DB_POSTGRESDB_PORT: "5432"
      DB_POSTGRESDB_SCHEMA: public
      DB_TYPE: postgresdb
    kind: ConfigMap
    metadata:
      labels:
        app: n8n
        chart: n8n-1.0.0
        heritage: Helm
        release: n8n
      name: n8n-database-configmap
  2: |
    apiVersion: v1
    data:
      N8N_LOG_LEVEL: info
      N8N_LOG_OUTPUT: console
    kind: ConfigMap
    metadata:
      labels:
        app: n8n
        chart: n8n-1.0.0
        heritage: Helm
        release: n8n
      name: n8n-logging-configmap
  3: |
    apiVersion: v1
    data:
      N8N_DIAGNOSTICS_CONFIG_BACKEND: ""
      N8N_DIAGNOSTICS_CONFIG_FRONTEND: ""
      N8N_DIAGNOSTICS_ENABLED: "false"
      N8N_DIAGNOSTICS_POSTHOG_API_HOST: ""
      N8N_DIAGNOSTICS_POSTHOG_API_KEY: ""
      N8N_FRONTEND_SENTRY_DSN: ""
      N8N_SENTRY_DSN: ""
    kind: ConfigMap
    metadata:
      labels:
        app: n8n
        chart: n8n-1.0.0
        heritage: Helm
        release: n8n
      name: n8n-diagnostics-configmap
  4: |
    apiVersion: v1
    data:
      N8N_VERSION_NOTIFICATIONS_ENABLED: "false"
    kind: ConfigMap
    metadata:
      labels:
        app: n8n
        chart: n8n-1.0.0
        heritage: Helm
        release: n8n
      name: n8n-version-notifications-configmap
  5: |
    apiVersion: v1
    data:
      N8N_PUBLIC_API_DISABLED: "false"
      N8N_PUBLIC_API_ENDPOINT: api
      N8N_PUBLIC_API_SWAGGERUI_DISABLED: "false"
    kind: ConfigMap
    metadata:
      labels:
        app: n8n
        chart: n8n-1.0.0
        heritage: Helm
        release: n8n
      name: n8n-public-api-configmap
  6: |
    apiVersion: v1
    data:
      EXECUTIONS_MODE: queue
      N8N_DISABLE_PRODUCTION_MAIN_PROCESS: "true"
      OFFLOAD_MANUAL_EXECUTIONS_TO_WORKERS: "true"
      QUEUE_BULL_REDIS_CLUSTER_NODES: redis-1:6379,redis-2:6379
      QUEUE_BULL_REDIS_DB: "0"
      QUEUE_BULL_REDIS_DUALSTACK: "true"
      QUEUE_BULL_REDIS_TLS: "true"
    kind: ConfigMap
    metadata:
      labels:
        app: n8n
        chart: n8n-1.0.0
        heritage: Helm
        release: n8n
      name: n8n-queue-configmap
  7: |
    apiVersion: v1
    data:
      N8N_WORKFLOW_HISTORY_ENABLED: "true"
      N8N_WORKFLOW_HISTORY_PRUNE_TIME: "336"
    kind: ConfigMap
    metadata:
      labels:
        app: n8n
        chart: n8n-1.0.0
        heritage: Helm
        release: n8n
      name: n8n-workflow-history-configmap
  8: |
    apiVersion: v1
    data:
      N8N_RUNNERS_ENABLED: "true"
      N8N_RUNNERS_HEARTBEAT_INTERVAL: "30"
      N8N_RUNNERS_MAX_CONCURRENCY: "5"
      N8N_RUNNERS_MODE: internal
      N8N_RUNNERS_TASK_TIMEOUT: "60"
    kind: ConfigMap
    metadata:
      labels:
        app: n8n
        chart: n8n-1.0.0
        heritage: Helm
        release: n8n
      name: n8n-task-broker-configmap
  9: |
    apiVersion: v1
    data:
      N8N_METRICS: "false"
      N8N_METRICS_INCLUDE_API_ENDPOINTS: "false"
      N8N_METRICS_INCLUDE_API_METHOD_LABEL: "false"
      N8N_METRICS_INCLUDE_API_PATH_LABEL: "false"
      N8N_METRICS_INCLUDE_API_STATUS_CODE_LABEL: "false"
      N8N_METRICS_INCLUDE_CACHE_METRICS: "false"
      N8N_METRICS_INCLUDE_CREDENTIAL_TYPE_LABEL: "false"
      N8N_METRICS_INCLUDE_DEFAULT_METRICS: "true"
      N8N_METRICS_INCLUDE_MESSAGE_EVENT_BUS_METRICS: "false"
      N8N_METRICS_INCLUDE_NODE_TYPE_LABEL: "false"
      N8N_METRICS_INCLUDE_QUEUE_METRICS: "false"
      N8N_METRICS_INCLUDE_WORKFLOW_ID_LABEL: "false"
      N8N_METRICS_PREFIX: n8n_
    kind: ConfigMap
    metadata:
      labels:
        app: n8n
        chart: n8n-1.0.0
        heritage: Helm
        release: n8n
      name: n8n-metrics-configmap
  10: |
    apiVersion: v1
    data:
      N8N_DEFAULT_BINARY_DATA_MODE: default
    kind: ConfigMap
    metadata:
      labels:
        app: n8n
        chart: n8n-1.0.0
        heritage: Helm
        release: n8n
      name: n8n-binary-data-configmap
