should match snapshot of default values:
  1: |
    apiVersion: v1
    kind: Service
    metadata:
      annotations:
        test-key: test-value
      labels:
        app.kubernetes.io/component: main
        app.kubernetes.io/instance: n8n
        app.kubernetes.io/managed-by: Helm
        app.kubernetes.io/name: n8n
        app.kubernetes.io/part-of: n8n
        app.kubernetes.io/version: 1.0.0
        helm.sh/chart: n8n-1.0.0
        test-label-key: test-label-value
      name: n8n
    spec:
      ports:
        - name: http
          port: 5678
          protocol: TCP
          targetPort: http
      selector:
        app.kubernetes.io/instance: n8n
        app.kubernetes.io/name: n8n
      type: ClusterIP
should match snapshot of headless services:
  1: |
    apiVersion: v1
    kind: Service
    metadata:
      labels:
        app.kubernetes.io/component: main
        app.kubernetes.io/instance: n8n
        app.kubernetes.io/managed-by: Helm
        app.kubernetes.io/name: n8n
        app.kubernetes.io/part-of: n8n
        app.kubernetes.io/version: 1.0.0
        helm.sh/chart: n8n-1.0.0
      name: n8n
    spec:
      ports:
        - name: http
          port: 5678
          protocol: TCP
          targetPort: http
      selector:
        app.kubernetes.io/instance: n8n
        app.kubernetes.io/name: n8n
      type: ClusterIP
  2: |
    apiVersion: v1
    kind: Service
    metadata:
      labels:
        app.kubernetes.io/component: main
        app.kubernetes.io/instance: n8n
        app.kubernetes.io/managed-by: Helm
        app.kubernetes.io/name: n8n
        app.kubernetes.io/part-of: n8n
        app.kubernetes.io/version: 1.0.0
        helm.sh/chart: n8n-1.0.0
      name: n8n-headless
    spec:
      clusterIP: None
      ports:
        - port: 5678
          protocol: TCP
          targetPort: http
      selector:
        app.kubernetes.io/instance: n8n
        app.kubernetes.io/name: n8n
  3: |
    apiVersion: v1
    kind: Service
    metadata:
      labels:
        app.kubernetes.io/component: webhook
        app.kubernetes.io/instance: n8n
        app.kubernetes.io/managed-by: Helm
        app.kubernetes.io/name: n8n-webhook
        app.kubernetes.io/part-of: n8n
        app.kubernetes.io/version: 1.0.0
        helm.sh/chart: n8n-1.0.0
      name: n8n-webhook
    spec:
      ports:
        - name: http
          port: 5678
          protocol: TCP
          targetPort: http
      selector:
        app.kubernetes.io/component: webhook
        app.kubernetes.io/instance: n8n
        app.kubernetes.io/name: n8n-webhook
      type: ClusterIP
  4: |
    apiVersion: v1
    kind: Service
    metadata:
      labels:
        app.kubernetes.io/component: main
        app.kubernetes.io/instance: n8n
        app.kubernetes.io/managed-by: Helm
        app.kubernetes.io/name: n8n
        app.kubernetes.io/part-of: n8n
        app.kubernetes.io/version: 1.0.0
        helm.sh/chart: n8n-1.0.0
      name: n8n-worker-headless
    spec:
      clusterIP: None
      ports:
        - port: 5678
          protocol: TCP
          targetPort: http
      selector:
        app.kubernetes.io/component: worker
        app.kubernetes.io/instance: n8n
        app.kubernetes.io/name: n8n-worker
  5: |
    apiVersion: v1
    kind: Service
    metadata:
      labels:
        app.kubernetes.io/component: mcp
        app.kubernetes.io/instance: n8n
        app.kubernetes.io/managed-by: Helm
        app.kubernetes.io/name: n8n-mcp-webhook
        app.kubernetes.io/part-of: n8n
        app.kubernetes.io/version: 1.0.0
        helm.sh/chart: n8n-1.0.0
      name: n8n-mcp-webhook
    spec:
      ports:
        - name: http
          port: 5678
          protocol: TCP
          targetPort: http
      selector:
        app.kubernetes.io/component: mcp
        app.kubernetes.io/instance: n8n
        app.kubernetes.io/name: n8n-mcp-webhook
      type: ClusterIP
should match snapshot of webhook mcp service:
  1: |
    apiVersion: v1
    kind: Service
    metadata:
      labels:
        app.kubernetes.io/component: main
        app.kubernetes.io/instance: n8n
        app.kubernetes.io/managed-by: Helm
        app.kubernetes.io/name: n8n
        app.kubernetes.io/part-of: n8n
        app.kubernetes.io/version: 1.0.0
        helm.sh/chart: n8n-1.0.0
      name: n8n
    spec:
      ports:
        - name: http
          port: 5678
          protocol: TCP
          targetPort: http
      selector:
        app.kubernetes.io/instance: n8n
        app.kubernetes.io/name: n8n
      type: ClusterIP
  2: |
    apiVersion: v1
    kind: Service
    metadata:
      labels:
        app.kubernetes.io/component: webhook
        app.kubernetes.io/instance: n8n
        app.kubernetes.io/managed-by: Helm
        app.kubernetes.io/name: n8n-webhook
        app.kubernetes.io/part-of: n8n
        app.kubernetes.io/version: 1.0.0
        helm.sh/chart: n8n-1.0.0
      name: n8n-webhook
    spec:
      ports:
        - name: http
          port: 5678
          protocol: TCP
          targetPort: http
      selector:
        app.kubernetes.io/component: webhook
        app.kubernetes.io/instance: n8n
        app.kubernetes.io/name: n8n-webhook
      type: ClusterIP
  3: |
    apiVersion: v1
    kind: Service
    metadata:
      labels:
        app.kubernetes.io/component: mcp
        app.kubernetes.io/instance: n8n
        app.kubernetes.io/managed-by: Helm
        app.kubernetes.io/name: n8n-mcp-webhook
        app.kubernetes.io/part-of: n8n
        app.kubernetes.io/version: 1.0.0
        helm.sh/chart: n8n-1.0.0
      name: n8n-mcp-webhook
    spec:
      ports:
        - name: http
          port: 5678
          protocol: TCP
          targetPort: http
      selector:
        app.kubernetes.io/component: mcp
        app.kubernetes.io/instance: n8n
        app.kubernetes.io/name: n8n-mcp-webhook
      type: ClusterIP
