should match snapshot of default values:
  1: |
    apiVersion: networking.k8s.io/v1
    kind: Ingress
    metadata:
      labels:
        app: drone-server
        app.kubernetes.io/instance: RELEASE-NAME
        app.kubernetes.io/managed-by: Helm
        app.kubernetes.io/name: server-drone
        app.kubernetes.io/version: 1.0.0
        helm.sh/chart: drone-1.0.0
        version: 1.0.0
      name: server-RELEASE-NAME-drone
      namespace: NAMESPACE
    spec:
      ingressClassName: nginx-test
      rules:
      - host: chart-example.local
        http:
          paths:
          - backend:
              service:
                name: server-RELEASE-NAME-drone
                port:
                  number: 80
            path: /
            pathType: ImplementationSpecific
should match snapshot of default values with old kubernetes ingress:
  1: |
    apiVersion: networking.k8s.io/v1beta1
    kind: Ingress
    metadata:
      annotations:
        kubernetes.io/ingress.class: nginx-test
      labels:
        app: drone-server
        app.kubernetes.io/instance: RELEASE-NAME
        app.kubernetes.io/managed-by: Helm
        app.kubernetes.io/name: server-drone
        app.kubernetes.io/version: 1.0.0
        helm.sh/chart: drone-1.0.0
        version: 1.0.0
      name: server-RELEASE-NAME-drone
      namespace: NAMESPACE
    spec:
      rules:
      - host: chart-example.local
        http:
          paths:
          - backend:
              serviceName: server-RELEASE-NAME-drone
              servicePort: 80
            path: /
