should match snapshot of default values:
  1: |
    apiVersion: v1
    data:
      DO_NOT_TRACK: "true"
      MLFLOW_CONFIGURE_LOGGING: "true"
      MLFLOW_DISABLE_TELEMETRY: "true"
      MLFLOW_LOGGING_LEVEL: INFO
    kind: ConfigMap
    metadata:
      labels:
        app: mlflow
        chart: mlflow-1.0.0
        heritage: Helm
        release: mlflow
      name: mlflow-env-configmap
  2: |
    apiVersion: apps/v1
    kind: Deployment
    metadata:
      labels:
        app: mlflow
        app.kubernetes.io/instance: mlflow
        app.kubernetes.io/managed-by: Helm
        app.kubernetes.io/name: mlflow
        app.kubernetes.io/version: 1.0.0
        helm.sh/chart: mlflow-1.0.0
        version: 1.0.0
      name: mlflow
    spec:
      replicas: 1
      selector:
        matchLabels:
          app: mlflow
          app.kubernetes.io/instance: mlflow
          app.kubernetes.io/name: mlflow
      strategy:
        rollingUpdate:
          maxSurge: 100%
          maxUnavailable: 0
        type: RollingUpdate
      template:
        metadata:
          annotations:
            checksum/config: 6a1114d91915da5454596d7c7d7f7ae694d835f570534869b7d474e0638ca692
          labels:
            app: mlflow
            app.kubernetes.io/instance: mlflow
            app.kubernetes.io/name: mlflow
        spec:
          containers:
            - args:
                - server
                - --host=0.0.0.0
                - --port=5000
                - '--backend-store-uri=sqlite:///:memory:'
                - --default-artifact-root=./mlruns
                - --gunicorn-opts='--log-level=info'
              command:
                - mlflow
              env:
                - name: MLFLOW_VERSION
                  value: 1.0.0
              envFrom:
                - configMapRef:
                    name: mlflow-env-configmap
                - secretRef:
                    name: mlflow-env-secret
                - secretRef:
                    name: mlflow-flask-server-secret-key
              image: burakince/mlflow:1.0.0
              imagePullPolicy: IfNotPresent
              livenessProbe:
                failureThreshold: 5
                httpGet:
                  path: /health
                  port: http
                initialDelaySeconds: 10
                periodSeconds: 30
                timeoutSeconds: 3
              name: mlflow
              ports:
                - containerPort: 5000
                  name: http
                  protocol: TCP
              readinessProbe:
                failureThreshold: 5
                httpGet:
                  path: /health
                  port: http
                initialDelaySeconds: 10
                periodSeconds: 30
                timeoutSeconds: 3
              resources: {}
              securityContext:
                allowPrivilegeEscalation: false
                capabilities:
                  drop:
                    - ALL
                privileged: false
                readOnlyRootFilesystem: false
                runAsGroup: 1001
                runAsNonRoot: true
                runAsUser: 1001
          securityContext:
            fsGroup: 1001
            fsGroupChangePolicy: OnRootMismatch
          serviceAccountName: mlflow
